Title:       #42 Fix authentication bug
Description: by @alice  updated 30m ago
FilterValue: #42 Fix authentication bug alice
---
Title:       #99 [draft] WIP: Add new feature
Description: by @bob  updated 1d ago
FilterValue: #99 WIP: Add new feature bob
---
Title:       #101 Update dependencies
Description: by @charlie  updated 4h ago
FilterValue: #101 Update dependencies charlie
---
